Using pre-set license
Built from '2022.3/staging' branch; Version is '2022.3.59f1 (630718f645a5) revision 6489880'; Using compiler version '192829333'; Build Type 'Release'
OS: 'Windows 11  (10.0.26100) 64bit Core' Language: 'en' Physical Memory: 32491 MB
BatchMode: 1, IsHumanControllingUs: 0, StartBugReporterOnCrash: 0, Is64bit: 1, IsPro: 1

COMMAND LINE ARGUMENTS:
C:\Program Files\Unity\Hub\Editor\2022.3.59f1\Editor\Unity.exe
-adb2
-batchMode
-noUpm
-name
AssetImportWorker2
-projectPath
C:/FinalProject_am/finalprojectrepo/FinalProject_AM
-logFile
Logs/AssetImportWorker2.log
-srvPort
61955
Successfully changed project path to: C:/FinalProject_am/finalprojectrepo/FinalProject_AM
C:/FinalProject_am/finalprojectrepo/FinalProject_AM
[UnityMemory] Configuration Parameters - Can be set up in boot.config
    "memorysetup-bucket-allocator-granularity=16"
    "memorysetup-bucket-allocator-bucket-count=8"
    "memorysetup-bucket-allocator-block-size=33554432"
    "memorysetup-bucket-allocator-block-count=8"
    "memorysetup-main-allocator-block-size=16777216"
    "memorysetup-thread-allocator-block-size=16777216"
    "memorysetup-gfx-main-allocator-block-size=16777216"
    "memorysetup-gfx-thread-allocator-block-size=16777216"
    "memorysetup-cache-allocator-block-size=4194304"
    "memorysetup-typetree-allocator-block-size=2097152"
    "memorysetup-profiler-bucket-allocator-granularity=16"
    "memorysetup-profiler-bucket-allocator-bucket-count=8"
    "memorysetup-profiler-bucket-allocator-block-size=33554432"
    "memorysetup-profiler-bucket-allocator-block-count=8"
    "memorysetup-profiler-allocator-block-size=16777216"
    "memorysetup-profiler-editor-allocator-block-size=1048576"
    "memorysetup-temp-allocator-size-main=16777216"
    "memorysetup-job-temp-allocator-block-size=2097152"
    "memorysetup-job-temp-allocator-block-size-background=1048576"
    "memorysetup-job-temp-allocator-reduction-small-platforms=262144"
    "memorysetup-allocator-temp-initial-block-size-main=262144"
    "memorysetup-allocator-temp-initial-block-size-worker=262144"
    "memorysetup-temp-allocator-size-background-worker=32768"
    "memorysetup-temp-allocator-size-job-worker=262144"
    "memorysetup-temp-allocator-size-preload-manager=33554432"
    "memorysetup-temp-allocator-size-nav-mesh-worker=65536"
    "memorysetup-temp-allocator-size-audio-worker=65536"
    "memorysetup-temp-allocator-size-cloud-worker=32768"
    "memorysetup-temp-allocator-size-gi-baking-worker=262144"
    "memorysetup-temp-allocator-size-gfx=262144"
Player connection [27080]  Target information:

Player connection [27080]  * "[IP] 172.16.35.249 [Port] 0 [Flags] 2 [Guid] 1420030703 [EditorId] 1420030703 [Version] 1048832 [Id] WindowsEditor(7,APEACH) [Debug] 1 [PackageName] WindowsEditor [ProjectName] Editor" 

Player connection [27080] Host joined multi-casting on [225.0.0.222:54997]...
Player connection [27080] Host joined alternative multi-casting on [225.0.0.222:34997]...
Input System module state changed to: Initialized.
[PhysX] Initialized MultithreadedTaskDispatcher with 32 workers.
Refreshing native plugins compatible for Editor in 5.48 ms, found 3 plugins.
Preloading 0 native plugins for Editor in 0.00 ms.
Initialize engine version: 2022.3.59f1 (630718f645a5)
[Subsystems] Discovering subsystems at path C:/Program Files/Unity/Hub/Editor/2022.3.59f1/Editor/Data/Resources/UnitySubsystems
[Subsystems] Discovering subsystems at path C:/FinalProject_am/finalprojectrepo/FinalProject_AM/Assets
GfxDevice: creating device client; threaded=0; jobified=0
Direct3D:
    Version:  Direct3D 11.0 [level 11.1]
    Renderer: NVIDIA GeForce RTX 4070 Laptop GPU (ID=0x2860)
    Vendor:   NVIDIA
    VRAM:     7948 MB
    Driver:   32.0.15.6614
Initialize mono
Mono path[0] = 'C:/Program Files/Unity/Hub/Editor/2022.3.59f1/Editor/Data/Managed'
Mono path[1] = 'C:/Program Files/Unity/Hub/Editor/2022.3.59f1/Editor/Data/MonoBleedingEdge/lib/mono/unityjit-win32'
Mono config path = 'C:/Program Files/Unity/Hub/Editor/2022.3.59f1/Editor/Data/MonoBleedingEdge/etc'
Using monoOptions --debugger-agent=transport=dt_socket,embedding=1,server=y,suspend=n,address=127.0.0.1:56308
Begin MonoManager ReloadAssembly
Registering precompiled unity dll's ...
Register platform support module: C:/Program Files/Unity/Hub/Editor/2022.3.59f1/Editor/Data/PlaybackEngines/WindowsStandaloneSupport/UnityEditor.WindowsStandalone.Extensions.dll
Registered in 0.003682 seconds.
- Loaded All Assemblies, in  0.264 seconds
Native extension for WindowsStandalone target not found
Mono: successfully reloaded assembly
- Finished resetting the current domain, in  0.201 seconds
Domain Reload Profiling: 464ms
	BeginReloadAssembly (86ms)
		ExecutionOrderSort (0ms)
		DisableScriptedObjects (0ms)
		BackupInstance (0ms)
		ReleaseScriptingObjects (0ms)
		CreateAndSetChildDomain (1ms)
	RebuildCommonClasses (26ms)
	RebuildNativeTypeToScriptingClass (7ms)
	initialDomainReloadingComplete (50ms)
	LoadAllAssembliesAndSetupDomain (94ms)
		LoadAssemblies (85ms)
		RebuildTransferFunctionScriptingTraits (0ms)
		AnalyzeDomain (93ms)
			TypeCache.Refresh (92ms)
				TypeCache.ScanAssembly (83ms)
			ScanForSourceGeneratedMonoScriptInfo (0ms)
			ResolveRequiredComponents (0ms)
	FinalizeReload (201ms)
		ReleaseScriptCaches (0ms)
		RebuildScriptCaches (0ms)
		SetupLoadedEditorAssemblies (167ms)
			LogAssemblyErrors (0ms)
			InitializePlatformSupportModulesInManaged (7ms)
			SetLoadedEditorAssemblies (7ms)
			RefreshPlugins (0ms)
			BeforeProcessingInitializeOnLoad (2ms)
			ProcessInitializeOnLoadAttributes (118ms)
			ProcessInitializeOnLoadMethodAttributes (33ms)
			AfterProcessingInitializeOnLoad (0ms)
			EditorAssembliesLoaded (0ms)
		ExecutionOrderSort2 (0ms)
		AwakeInstancesAfterBackupRestoration (0ms)
========================================================================
Worker process is ready to serve import requests
Caller must complete domain reload
Begin MonoManager ReloadAssembly
- Loaded All Assemblies, in  0.522 seconds
Native extension for WindowsStandalone target not found
Mono: successfully reloaded assembly
- Finished resetting the current domain, in  0.469 seconds
Domain Reload Profiling: 989ms
	BeginReloadAssembly (105ms)
		ExecutionOrderSort (0ms)
		DisableScriptedObjects (3ms)
		BackupInstance (0ms)
		ReleaseScriptingObjects (0ms)
		CreateAndSetChildDomain (15ms)
	RebuildCommonClasses (25ms)
	RebuildNativeTypeToScriptingClass (7ms)
	initialDomainReloadingComplete (34ms)
	LoadAllAssembliesAndSetupDomain (349ms)
		LoadAssemblies (256ms)
		RebuildTransferFunctionScriptingTraits (0ms)
		AnalyzeDomain (151ms)
			TypeCache.Refresh (126ms)
				TypeCache.ScanAssembly (113ms)
			ScanForSourceGeneratedMonoScriptInfo (17ms)
			ResolveRequiredComponents (7ms)
	FinalizeReload (469ms)
		ReleaseScriptCaches (0ms)
		RebuildScriptCaches (0ms)
		SetupLoadedEditorAssemblies (355ms)
			LogAssemblyErrors (0ms)
			InitializePlatformSupportModulesInManaged (4ms)
			SetLoadedEditorAssemblies (4ms)
			RefreshPlugins (0ms)
			BeforeProcessingInitializeOnLoad (56ms)
			ProcessInitializeOnLoadAttributes (239ms)
			ProcessInitializeOnLoadMethodAttributes (48ms)
			AfterProcessingInitializeOnLoad (3ms)
			EditorAssembliesLoaded (0ms)
		ExecutionOrderSort2 (0ms)
		AwakeInstancesAfterBackupRestoration (5ms)
Launched and connected shader compiler UnityShaderCompiler.exe after 0.05 seconds
Refreshing native plugins compatible for Editor in 3.71 ms, found 3 plugins.
Preloading 0 native plugins for Editor in 0.00 ms.
Unloading 4889 Unused Serialized files (Serialized files now loaded: 0)
Unloading 24 unused Assets / (350.3 KB). Loaded Objects now: 5371.
Memory consumption went from 204.0 MB to 203.7 MB.
Total: 5.058300 ms (FindLiveObjects: 0.326300 ms CreateObjectMapping: 0.152800 ms MarkObjects: 4.297300 ms  DeleteObjects: 0.280700 ms)

AssetImportParameters requested are different than current active one (requested -> active):
  custom:container-demuxer-ogg: 62fdf1f143b41e24485cea50d1cbac27 -> 
  custom:video-codec-MediaFoundation-h265: 746d11721c4dcdbdad8f713fa42b33f4 -> 
  custom:video-decoder-ogg-theora: a1e56fd34408186e4bbccfd4996cb3dc -> 
  custom:framework-win-MediaFoundation: 216162199b28c13a410421893ffa2e32 -> 
  custom:CustomObjectIndexerAttribute: 72b91833f83ae208fae7752999fa3104 -> 
  custom:container-demuxer-webm: 4f35f7cbe854078d1ac9338744f61a02 -> 
  custom:container-muxer-webm: aa71ff27fc2769a1b78a27578f13a17b -> 
  custom:video-decoder-webm-vp8: 9c59270c3fd7afecdb556c50c9e8de78 -> 
  custom:SearchIndexIgnoredProperties: e643bd26f0fe6173181afceb89e7c659 -> 
  custom:AudioImporter_EditorPlatform: d09bf68614088b80899f8185d706f6e7 -> 
  custom:video-encoder-webm-vp8: eb34c28f22e8b96e1ab97ce403110664 -> 
  custom:audio-decoder-ogg-vorbis: bf7c407c2cedff20999df2af8eb42d56 -> 
  custom:audio-encoder-webm-vorbis: bf7c407c2cedff20999df2af8eb42d56 -> 
========================================================================
Received Import Request.
  Time since last request: 207274.227251 seconds.
  path: Assets/Idyllic Fantasy Nature/Prefabs/Flower_YellowRed.prefab
  artifactKey: Guid(2e5167dccc642314c842bf62085fdd7f) Importer(815301076,1909f56bfc062723c751e8b465ee728b)
Start importing Assets/Idyllic Fantasy Nature/Prefabs/Flower_YellowRed.prefab using Guid(2e5167dccc642314c842bf62085fdd7f) Importer(815301076,1909f56bfc062723c751e8b465ee728b) [PhysX] Initialized MultithreadedTaskDispatcher with 32 workers.
[PhysX] Initialized MultithreadedTaskDispatcher with 32 workers.
 -> (artifact id: '52a6a9c4b461cb27da51b4910d2405b6') in 1.154125 seconds
Number of updated asset objects reloaded before import = 0
Number of asset objects unloaded after import = 29
========================================================================
Received Import Request.
  Time since last request: 0.000031 seconds.
  path: Assets/Idyllic Fantasy Nature/Prefabs/Cliff_02.prefab
  artifactKey: Guid(3165793d3ae6acb48863fa5e0f6d5ccb) Importer(815301076,1909f56bfc062723c751e8b465ee728b)
Start importing Assets/Idyllic Fantasy Nature/Prefabs/Cliff_02.prefab using Guid(3165793d3ae6acb48863fa5e0f6d5ccb) Importer(815301076,1909f56bfc062723c751e8b465ee728b) [PhysX] Initialized MultithreadedTaskDispatcher with 32 workers.
[PhysX] Initialized MultithreadedTaskDispatcher with 32 workers.
 -> (artifact id: '304d5611671f26056ec63f26ff2e1499') in 0.640477 seconds
Number of updated asset objects reloaded before import = 0
Number of asset objects unloaded after import = 28
========================================================================
Received Import Request.
  Time since last request: 916.856369 seconds.
  path: Assets/Idyllic Fantasy Nature/Prefabs/FlowerMeadow_OrangePinkRedPurpleBlue.prefab
  artifactKey: Guid(225185975765e704faab6a0093ff4290) Importer(815301076,1909f56bfc062723c751e8b465ee728b)
Start importing Assets/Idyllic Fantasy Nature/Prefabs/FlowerMeadow_OrangePinkRedPurpleBlue.prefab using Guid(225185975765e704faab6a0093ff4290) Importer(815301076,1909f56bfc062723c751e8b465ee728b) [PhysX] Initialized MultithreadedTaskDispatcher with 32 workers.
[PhysX] Initialized MultithreadedTaskDispatcher with 32 workers.
 -> (artifact id: '4b7377888e2ca57bcd2aaa9fc4c27726') in 0.492469 seconds
Number of updated asset objects reloaded before import = 0
Number of asset objects unloaded after import = 10
========================================================================
Received Import Request.
  Time since last request: 0.000025 seconds.
  path: Assets/Idyllic Fantasy Nature/Prefabs/FlowerMeadow_RedOrange.prefab
  artifactKey: Guid(a173b161a3d8ac344bf13cbd33b7aeec) Importer(815301076,1909f56bfc062723c751e8b465ee728b)
Start importing Assets/Idyllic Fantasy Nature/Prefabs/FlowerMeadow_RedOrange.prefab using Guid(a173b161a3d8ac344bf13cbd33b7aeec) Importer(815301076,1909f56bfc062723c751e8b465ee728b) [PhysX] Initialized MultithreadedTaskDispatcher with 32 workers.
[PhysX] Initialized MultithreadedTaskDispatcher with 32 workers.
 -> (artifact id: 'dae93375d2416815744ccdb1fe530b0b') in 0.057041 seconds
Number of updated asset objects reloaded before import = 0
Number of asset objects unloaded after import = 10
========================================================================
Received Import Request.
  Time since last request: 0.000029 seconds.
  path: Assets/Idyllic Fantasy Nature/Prefabs/GodRays.prefab
  artifactKey: Guid(2f8e0aa312b32ee4fab7ba2c2845e399) Importer(815301076,1909f56bfc062723c751e8b465ee728b)
Start importing Assets/Idyllic Fantasy Nature/Prefabs/GodRays.prefab using Guid(2f8e0aa312b32ee4fab7ba2c2845e399) Importer(815301076,1909f56bfc062723c751e8b465ee728b) [PhysX] Initialized MultithreadedTaskDispatcher with 32 workers.
[PhysX] Initialized MultithreadedTaskDispatcher with 32 workers.
 -> (artifact id: '0e877947ab42cf5e04aaf267b4f4d0d7') in 0.075990 seconds
Number of updated asset objects reloaded before import = 0
Number of asset objects unloaded after import = 8
========================================================================
Received Import Request.
  Time since last request: 0.000023 seconds.
  path: Assets/Idyllic Fantasy Nature/Prefabs/Plant_08.prefab
  artifactKey: Guid(732eb95a25040a3409bfb3f3b32a5907) Importer(815301076,1909f56bfc062723c751e8b465ee728b)
Start importing Assets/Idyllic Fantasy Nature/Prefabs/Plant_08.prefab using Guid(732eb95a25040a3409bfb3f3b32a5907) Importer(815301076,1909f56bfc062723c751e8b465ee728b) [PhysX] Initialized MultithreadedTaskDispatcher with 32 workers.
[PhysX] Initialized MultithreadedTaskDispatcher with 32 workers.
 -> (artifact id: 'a49d84be191466b5f764462a2d7e0647') in 0.012546 seconds
Number of updated asset objects reloaded before import = 0
Number of asset objects unloaded after import = 10
========================================================================
Received Import Request.
  Time since last request: 0.000021 seconds.
  path: Assets/Idyllic Fantasy Nature/Prefabs/LilyPads_02.prefab
  artifactKey: Guid(838f8207efadcfd438cda9d67103e9a8) Importer(815301076,1909f56bfc062723c751e8b465ee728b)
Start importing Assets/Idyllic Fantasy Nature/Prefabs/LilyPads_02.prefab using Guid(838f8207efadcfd438cda9d67103e9a8) Importer(815301076,1909f56bfc062723c751e8b465ee728b) [PhysX] Initialized MultithreadedTaskDispatcher with 32 workers.
[PhysX] Initialized MultithreadedTaskDispatcher with 32 workers.
 -> (artifact id: '4e722ca876aa7e340e62784eacb36461') in 0.307972 seconds
Number of updated asset objects reloaded before import = 0
Number of asset objects unloaded after import = 19
========================================================================
Received Import Request.
  Time since last request: 0.000020 seconds.
  path: Assets/Idyllic Fantasy Nature/Prefabs/Grass_03.prefab
  artifactKey: Guid(af43153991420fe4fac16a0543fd9e2d) Importer(815301076,1909f56bfc062723c751e8b465ee728b)
Start importing Assets/Idyllic Fantasy Nature/Prefabs/Grass_03.prefab using Guid(af43153991420fe4fac16a0543fd9e2d) Importer(815301076,1909f56bfc062723c751e8b465ee728b) [PhysX] Initialized MultithreadedTaskDispatcher with 32 workers.
[PhysX] Initialized MultithreadedTaskDispatcher with 32 workers.
 -> (artifact id: '8c16e8c217a7f21a075f794ad31fa5ab') in 0.013338 seconds
Number of updated asset objects reloaded before import = 0
Number of asset objects unloaded after import = 10
========================================================================
Received Import Request.
  Time since last request: 0.000028 seconds.
  path: Assets/Idyllic Fantasy Nature/Prefabs/FlowerMeadow_White.prefab
  artifactKey: Guid(b2ff11a6d1fff784cad98df357c7c6d3) Importer(815301076,1909f56bfc062723c751e8b465ee728b)
Start importing Assets/Idyllic Fantasy Nature/Prefabs/FlowerMeadow_White.prefab using Guid(b2ff11a6d1fff784cad98df357c7c6d3) Importer(815301076,1909f56bfc062723c751e8b465ee728b) [PhysX] Initialized MultithreadedTaskDispatcher with 32 workers.
[PhysX] Initialized MultithreadedTaskDispatcher with 32 workers.
 -> (artifact id: '08a4f2086790b712be1139058dd7ee6e') in 0.015569 seconds
Number of updated asset objects reloaded before import = 0
Number of asset objects unloaded after import = 10
========================================================================
Received Import Request.
  Time since last request: 0.000024 seconds.
  path: Assets/Idyllic Fantasy Nature/Prefabs/Plant_06.prefab
  artifactKey: Guid(694128ea049760448951e29a1eeb5471) Importer(815301076,1909f56bfc062723c751e8b465ee728b)
Start importing Assets/Idyllic Fantasy Nature/Prefabs/Plant_06.prefab using Guid(694128ea049760448951e29a1eeb5471) Importer(815301076,1909f56bfc062723c751e8b465ee728b) [PhysX] Initialized MultithreadedTaskDispatcher with 32 workers.
[PhysX] Initialized MultithreadedTaskDispatcher with 32 workers.
 -> (artifact id: '8706b0a5538716cabe3f474f102d35c0') in 0.013819 seconds
Number of updated asset objects reloaded before import = 0
Number of asset objects unloaded after import = 10
========================================================================
Received Import Request.
  Time since last request: 0.000018 seconds.
  path: Assets/Idyllic Fantasy Nature/Prefabs/FlowerMeadow_Purple.prefab
  artifactKey: Guid(b7d873a1ec278b9448b81d80554e10ac) Importer(815301076,1909f56bfc062723c751e8b465ee728b)
Start importing Assets/Idyllic Fantasy Nature/Prefabs/FlowerMeadow_Purple.prefab using Guid(b7d873a1ec278b9448b81d80554e10ac) Importer(815301076,1909f56bfc062723c751e8b465ee728b) [PhysX] Initialized MultithreadedTaskDispatcher with 32 workers.
[PhysX] Initialized MultithreadedTaskDispatcher with 32 workers.
 -> (artifact id: 'fceed5de1ac204314bbd3c1ec43356be') in 0.021777 seconds
Number of updated asset objects reloaded before import = 0
Number of asset objects unloaded after import = 10
========================================================================
Received Import Request.
  Time since last request: 0.000060 seconds.
  path: Assets/Idyllic Fantasy Nature/Prefabs/FlowerMeadow_Red.prefab
  artifactKey: Guid(2f6c7c11a938e5d47bbadf7b5d6b0423) Importer(815301076,1909f56bfc062723c751e8b465ee728b)
Start importing Assets/Idyllic Fantasy Nature/Prefabs/FlowerMeadow_Red.prefab using Guid(2f6c7c11a938e5d47bbadf7b5d6b0423) Importer(815301076,1909f56bfc062723c751e8b465ee728b) [PhysX] Initialized MultithreadedTaskDispatcher with 32 workers.
[PhysX] Initialized MultithreadedTaskDispatcher with 32 workers.
 -> (artifact id: 'dbc93e8e9fdc696ab0714fb668f1c1cc') in 0.024480 seconds
Number of updated asset objects reloaded before import = 0
Number of asset objects unloaded after import = 10
========================================================================
Received Import Request.
  Time since last request: 0.000028 seconds.
  path: Assets/Idyllic Fantasy Nature/Prefabs/Plant_07.prefab
  artifactKey: Guid(bcd74c95a30e57846b27035f1d1f10ef) Importer(815301076,1909f56bfc062723c751e8b465ee728b)
Start importing Assets/Idyllic Fantasy Nature/Prefabs/Plant_07.prefab using Guid(bcd74c95a30e57846b27035f1d1f10ef) Importer(815301076,1909f56bfc062723c751e8b465ee728b) [PhysX] Initialized MultithreadedTaskDispatcher with 32 workers.
[PhysX] Initialized MultithreadedTaskDispatcher with 32 workers.
 -> (artifact id: 'dd0648cb9f35841782907468983c9843') in 0.022687 seconds
Number of updated asset objects reloaded before import = 0
Number of asset objects unloaded after import = 10
========================================================================
Received Import Request.
  Time since last request: 0.000021 seconds.
  path: Assets/Idyllic Fantasy Nature/Prefabs/FlowerMeadow_RedPurple.prefab
  artifactKey: Guid(9271bb9f2906db34baeb4f659e22c8d3) Importer(815301076,1909f56bfc062723c751e8b465ee728b)
Start importing Assets/Idyllic Fantasy Nature/Prefabs/FlowerMeadow_RedPurple.prefab using Guid(9271bb9f2906db34baeb4f659e22c8d3) Importer(815301076,1909f56bfc062723c751e8b465ee728b) [PhysX] Initialized MultithreadedTaskDispatcher with 32 workers.
[PhysX] Initialized MultithreadedTaskDispatcher with 32 workers.
 -> (artifact id: '73252fbcb54c536611423d137f9218c1') in 0.023595 seconds
Number of updated asset objects reloaded before import = 0
Number of asset objects unloaded after import = 10
========================================================================
Received Import Request.
  Time since last request: 5.240633 seconds.
  path: Assets/Idyllic Fantasy Nature/Prefabs/Reeds_01.prefab
  artifactKey: Guid(9c62eefaf2b00cd439ca0cc107144301) Importer(815301076,1909f56bfc062723c751e8b465ee728b)
Start importing Assets/Idyllic Fantasy Nature/Prefabs/Reeds_01.prefab using Guid(9c62eefaf2b00cd439ca0cc107144301) Importer(815301076,1909f56bfc062723c751e8b465ee728b) [PhysX] Initialized MultithreadedTaskDispatcher with 32 workers.
[PhysX] Initialized MultithreadedTaskDispatcher with 32 workers.
 -> (artifact id: '761cfedf889f44091ef3fe7f4e8b33c4') in 0.026930 seconds
Number of updated asset objects reloaded before import = 0
Number of asset objects unloaded after import = 10
========================================================================
Received Import Request.
  Time since last request: 0.000018 seconds.
  path: Assets/Idyllic Fantasy Nature/Prefabs/Rock_Small_02.prefab
  artifactKey: Guid(1143e9a6e0fab4c4696b4e9e63a8d7b6) Importer(815301076,1909f56bfc062723c751e8b465ee728b)
Start importing Assets/Idyllic Fantasy Nature/Prefabs/Rock_Small_02.prefab using Guid(1143e9a6e0fab4c4696b4e9e63a8d7b6) Importer(815301076,1909f56bfc062723c751e8b465ee728b) [PhysX] Initialized MultithreadedTaskDispatcher with 32 workers.
[PhysX] Initialized MultithreadedTaskDispatcher with 32 workers.
 -> (artifact id: 'f8b0ba05d7c3ce7d1f7d57db740af3ed') in 0.680809 seconds
Number of updated asset objects reloaded before import = 0
Number of asset objects unloaded after import = 30
========================================================================
Received Import Request.
  Time since last request: 0.000024 seconds.
  path: Assets/Idyllic Fantasy Nature/Prefabs/WillowTree_04_Purple.prefab
  artifactKey: Guid(57ad168f0f1250140a6dcfbbdea706ab) Importer(815301076,1909f56bfc062723c751e8b465ee728b)
Start importing Assets/Idyllic Fantasy Nature/Prefabs/WillowTree_04_Purple.prefab using Guid(57ad168f0f1250140a6dcfbbdea706ab) Importer(815301076,1909f56bfc062723c751e8b465ee728b) [PhysX] Initialized MultithreadedTaskDispatcher with 32 workers.
[PhysX] Initialized MultithreadedTaskDispatcher with 32 workers.
 -> (artifact id: 'd77717d4999b4465f70a51820564ec51') in 0.025856 seconds
Number of updated asset objects reloaded before import = 0
Number of asset objects unloaded after import = 30
========================================================================
Received Import Request.
  Time since last request: 0.000043 seconds.
  path: Assets/Idyllic Fantasy Nature/Prefabs/WillowTree_02_Pink.prefab
  artifactKey: Guid(b0695c356c279e845abdba6c9f5676b9) Importer(815301076,1909f56bfc062723c751e8b465ee728b)
Start importing Assets/Idyllic Fantasy Nature/Prefabs/WillowTree_02_Pink.prefab using Guid(b0695c356c279e845abdba6c9f5676b9) Importer(815301076,1909f56bfc062723c751e8b465ee728b) [PhysX] Initialized MultithreadedTaskDispatcher with 32 workers.
[PhysX] Initialized MultithreadedTaskDispatcher with 32 workers.
 -> (artifact id: 'a5eae84938cd10d91b5ca52ba57c3b1f') in 0.025175 seconds
Number of updated asset objects reloaded before import = 0
Number of asset objects unloaded after import = 32
========================================================================
Received Import Request.
  Time since last request: 0.000021 seconds.
  path: Assets/Idyllic Fantasy Nature/Prefabs/WillowTree_04_Pink.prefab
  artifactKey: Guid(915687370875b924caf7f46ee9a31500) Importer(815301076,1909f56bfc062723c751e8b465ee728b)
Start importing Assets/Idyllic Fantasy Nature/Prefabs/WillowTree_04_Pink.prefab using Guid(915687370875b924caf7f46ee9a31500) Importer(815301076,1909f56bfc062723c751e8b465ee728b) [PhysX] Initialized MultithreadedTaskDispatcher with 32 workers.
[PhysX] Initialized MultithreadedTaskDispatcher with 32 workers.
 -> (artifact id: '2b07537750688f365a5cd63b40db0f70') in 0.027050 seconds
Number of updated asset objects reloaded before import = 0
Number of asset objects unloaded after import = 30
========================================================================
Received Import Request.
  Time since last request: 0.000034 seconds.
  path: Assets/Idyllic Fantasy Nature/Prefabs/Stones_03.prefab
  artifactKey: Guid(fd48fa88773e85c4eb7a499bc2e4226b) Importer(815301076,1909f56bfc062723c751e8b465ee728b)
Start importing Assets/Idyllic Fantasy Nature/Prefabs/Stones_03.prefab using Guid(fd48fa88773e85c4eb7a499bc2e4226b) Importer(815301076,1909f56bfc062723c751e8b465ee728b) [PhysX] Initialized MultithreadedTaskDispatcher with 32 workers.
[PhysX] Initialized MultithreadedTaskDispatcher with 32 workers.
 -> (artifact id: '4d1c3a58b2fca79302e56424d6dec2fe') in 0.030065 seconds
Number of updated asset objects reloaded before import = 0
Number of asset objects unloaded after import = 222
========================================================================
Received Import Request.
  Time since last request: 12.945817 seconds.
  path: Assets/Settings/Balanced_PipelineAsset.asset
  artifactKey: Guid(90e3c5c0c85fcd34cbbb60571b0b6888) Importer(815301076,1909f56bfc062723c751e8b465ee728b)
Start importing Assets/Settings/Balanced_PipelineAsset.asset using Guid(90e3c5c0c85fcd34cbbb60571b0b6888) Importer(815301076,1909f56bfc062723c751e8b465ee728b) [PhysX] Initialized MultithreadedTaskDispatcher with 32 workers.
 -> (artifact id: 'e43d38bbe0b76fa3ac64276860935efd') in 0.001861 seconds
Number of updated asset objects reloaded before import = 0
Number of asset objects unloaded after import = 2
========================================================================
Received Import Request.
  Time since last request: 0.020863 seconds.
  path: Assets/Settings/URP-Balanced.asset
  artifactKey: Guid(e1260c1148f6143b28bae5ace5e9c5d1) Importer(815301076,1909f56bfc062723c751e8b465ee728b)
Start importing Assets/Settings/URP-Balanced.asset using Guid(e1260c1148f6143b28bae5ace5e9c5d1) Importer(815301076,1909f56bfc062723c751e8b465ee728b) [PhysX] Initialized MultithreadedTaskDispatcher with 32 workers.
 -> (artifact id: '660417fd92aec80dbfab6433effd6018') in 0.058657 seconds
Number of updated asset objects reloaded before import = 0
Number of asset objects unloaded after import = 10
========================================================================
Received Import Request.
  Time since last request: 20.798118 seconds.
  path: Assets/Idyllic Fantasy Nature/Demo/Materials
  artifactKey: Guid(ca9b652067d08954e8f62eb40f0e36b8) Importer(815301076,1909f56bfc062723c751e8b465ee728b)
Start importing Assets/Idyllic Fantasy Nature/Demo/Materials using Guid(ca9b652067d08954e8f62eb40f0e36b8) Importer(815301076,1909f56bfc062723c751e8b465ee728b) [PhysX] Initialized MultithreadedTaskDispatcher with 32 workers.
 -> (artifact id: '25d888c41f211bb9a6f9ab0d19250af7') in 0.000596 seconds
Number of updated asset objects reloaded before import = 0
Number of asset objects unloaded after import = 0
========================================================================
Received Import Request.
  Time since last request: 0.240180 seconds.
  path: Assets/Idyllic Fantasy Nature/Demo/Materials/Lake.mat
  artifactKey: Guid(c43d03c1742fdc14586e642fda6fd04d) Importer(815301076,1909f56bfc062723c751e8b465ee728b)
Start importing Assets/Idyllic Fantasy Nature/Demo/Materials/Lake.mat using Guid(c43d03c1742fdc14586e642fda6fd04d) Importer(815301076,1909f56bfc062723c751e8b465ee728b) [PhysX] Initialized MultithreadedTaskDispatcher with 32 workers.
[PhysX] Initialized MultithreadedTaskDispatcher with 32 workers.
 -> (artifact id: 'b155ff6de0e78bdd875f330415d0db03') in 0.643850 seconds
Number of updated asset objects reloaded before import = 0
Number of asset objects unloaded after import = 4
========================================================================
Received Import Request.
  Time since last request: 17.005695 seconds.
  path: Assets/Idyllic Fantasy Nature/Textures/Water/Water_Normal_01.png
  artifactKey: Guid(55b82c9f8a4c6ca4989e21bfa90687e7) Importer(815301076,1909f56bfc062723c751e8b465ee728b)
Start importing Assets/Idyllic Fantasy Nature/Textures/Water/Water_Normal_01.png using Guid(55b82c9f8a4c6ca4989e21bfa90687e7) Importer(815301076,1909f56bfc062723c751e8b465ee728b) [PhysX] Initialized MultithreadedTaskDispatcher with 32 workers.
[PhysX] Initialized MultithreadedTaskDispatcher with 32 workers.
 -> (artifact id: '2257989be883dfa4ecd162a8b13356c8') in 0.035918 seconds
Number of updated asset objects reloaded before import = 0
Number of asset objects unloaded after import = 2
========================================================================
Received Import Request.
  Time since last request: 162.532097 seconds.
  path: Assets/Idyllic Fantasy Nature/Scripts
  artifactKey: Guid(b915fe79039889d4ea52351c709edfae) Importer(815301076,1909f56bfc062723c751e8b465ee728b)
Start importing Assets/Idyllic Fantasy Nature/Scripts using Guid(b915fe79039889d4ea52351c709edfae) Importer(815301076,1909f56bfc062723c751e8b465ee728b) [PhysX] Initialized MultithreadedTaskDispatcher with 32 workers.
 -> (artifact id: 'acc5b6488e622b80169e0a2f25e53bd7') in 0.000591 seconds
Number of updated asset objects reloaded before import = 0
Number of asset objects unloaded after import = 0
========================================================================
Received Import Request.
  Time since last request: 36.650750 seconds.
  path: Assets/Idyllic Fantasy Nature
  artifactKey: Guid(7a87028a78e76d041a9eb191e5acaab8) Importer(815301076,1909f56bfc062723c751e8b465ee728b)
Start importing Assets/Idyllic Fantasy Nature using Guid(7a87028a78e76d041a9eb191e5acaab8) Importer(815301076,1909f56bfc062723c751e8b465ee728b) [PhysX] Initialized MultithreadedTaskDispatcher with 32 workers.
 -> (artifact id: 'dde7d0e3f50f3f38eca4cbffb76f1826') in 0.000910 seconds
Number of updated asset objects reloaded before import = 0
Number of asset objects unloaded after import = 0
========================================================================
Received Import Request.
  Time since last request: 1.976587 seconds.
  path: Assets/Idyllic Fantasy Nature/Materials
  artifactKey: Guid(9666cee45e21cb44cb62867069cbef91) Importer(815301076,1909f56bfc062723c751e8b465ee728b)
Start importing Assets/Idyllic Fantasy Nature/Materials using Guid(9666cee45e21cb44cb62867069cbef91) Importer(815301076,1909f56bfc062723c751e8b465ee728b) [PhysX] Initialized MultithreadedTaskDispatcher with 32 workers.
 -> (artifact id: 'ca26ff480e5d47d1482fb4f2b2d28173') in 0.000536 seconds
Number of updated asset objects reloaded before import = 0
Number of asset objects unloaded after import = 0
========================================================================
Received Import Request.
  Time since last request: 3.800301 seconds.
  path: Assets/Idyllic Fantasy Nature/Materials/Skybox
  artifactKey: Guid(47fe0eb4906e45c4d983950ba703c122) Importer(815301076,1909f56bfc062723c751e8b465ee728b)
Start importing Assets/Idyllic Fantasy Nature/Materials/Skybox using Guid(47fe0eb4906e45c4d983950ba703c122) Importer(815301076,1909f56bfc062723c751e8b465ee728b) [PhysX] Initialized MultithreadedTaskDispatcher with 32 workers.
 -> (artifact id: '64fbbf4be2fb29f79b47e70da5a3628a') in 0.000915 seconds
Number of updated asset objects reloaded before import = 0
Number of asset objects unloaded after import = 0
========================================================================
Received Import Request.
  Time since last request: 1.450145 seconds.
  path: Assets/Idyllic Fantasy Nature/Materials/FX
  artifactKey: Guid(9eab8c5287129024f898194c9c1c56a3) Importer(815301076,1909f56bfc062723c751e8b465ee728b)
Start importing Assets/Idyllic Fantasy Nature/Materials/FX using Guid(9eab8c5287129024f898194c9c1c56a3) Importer(815301076,1909f56bfc062723c751e8b465ee728b) [PhysX] Initialized MultithreadedTaskDispatcher with 32 workers.
 -> (artifact id: 'eb1f9a9cf0363e235b4d653a89c85eff') in 0.000649 seconds
Number of updated asset objects reloaded before import = 0
Number of asset objects unloaded after import = 0
========================================================================
Received Import Request.
  Time since last request: 0.225585 seconds.
  path: Assets/Idyllic Fantasy Nature/Materials/FX/Bush_Leaf_01.mat
  artifactKey: Guid(bda3c214e68beeb40aba74ec39397b9f) Importer(815301076,1909f56bfc062723c751e8b465ee728b)
Start importing Assets/Idyllic Fantasy Nature/Materials/FX/Bush_Leaf_01.mat using Guid(bda3c214e68beeb40aba74ec39397b9f) Importer(815301076,1909f56bfc062723c751e8b465ee728b) [PhysX] Initialized MultithreadedTaskDispatcher with 32 workers.
[PhysX] Initialized MultithreadedTaskDispatcher with 32 workers.
 -> (artifact id: '70d6bb603ff254e7b9ccb76c58d58053') in 0.067582 seconds
Number of updated asset objects reloaded before import = 0
Number of asset objects unloaded after import = 3
========================================================================
Received Import Request.
  Time since last request: 0.000309 seconds.
  path: Assets/Idyllic Fantasy Nature/Materials/FX/Tree_Leaf_Red.mat
  artifactKey: Guid(fe9c1d58e3796f04cb274a11195dd53c) Importer(815301076,1909f56bfc062723c751e8b465ee728b)
Start importing Assets/Idyllic Fantasy Nature/Materials/FX/Tree_Leaf_Red.mat using Guid(fe9c1d58e3796f04cb274a11195dd53c) Importer(815301076,1909f56bfc062723c751e8b465ee728b) [PhysX] Initialized MultithreadedTaskDispatcher with 32 workers.
[PhysX] Initialized MultithreadedTaskDispatcher with 32 workers.
 -> (artifact id: '0e390c2d5e49ee460edce6656dcefdb8') in 0.020797 seconds
Number of updated asset objects reloaded before import = 0
Number of asset objects unloaded after import = 3
========================================================================
Received Import Request.
  Time since last request: 0.000016 seconds.
  path: Assets/Idyllic Fantasy Nature/Materials/FX/Tree_Leaf_Purple.mat
  artifactKey: Guid(3879834812e7c084685ebdfa0063c772) Importer(815301076,1909f56bfc062723c751e8b465ee728b)
Start importing Assets/Idyllic Fantasy Nature/Materials/FX/Tree_Leaf_Purple.mat using Guid(3879834812e7c084685ebdfa0063c772) Importer(815301076,1909f56bfc062723c751e8b465ee728b) [PhysX] Initialized MultithreadedTaskDispatcher with 32 workers.
[PhysX] Initialized MultithreadedTaskDispatcher with 32 workers.
 -> (artifact id: '5a294e89d9cc89ee1fc170b61e6075b3') in 0.018991 seconds
Number of updated asset objects reloaded before import = 0
Number of asset objects unloaded after import = 3
========================================================================
Received Import Request.
  Time since last request: 9.012605 seconds.
  path: Assets/Idyllic Fantasy Nature/Materials/Trees
  artifactKey: Guid(e1cf121e140ba4c4c8753706176d1d8d) Importer(815301076,1909f56bfc062723c751e8b465ee728b)
Start importing Assets/Idyllic Fantasy Nature/Materials/Trees using Guid(e1cf121e140ba4c4c8753706176d1d8d) Importer(815301076,1909f56bfc062723c751e8b465ee728b) [PhysX] Initialized MultithreadedTaskDispatcher with 32 workers.
 -> (artifact id: '59ee6f91b61bd1cf96e8215a924cdf3a') in 0.000615 seconds
Number of updated asset objects reloaded before import = 0
Number of asset objects unloaded after import = 0
========================================================================
Received Import Request.
  Time since last request: 1.895996 seconds.
  path: Assets/Idyllic Fantasy Nature/Materials/Grass
  artifactKey: Guid(bc681461aa19fa649a63b7b938dae92f) Importer(815301076,1909f56bfc062723c751e8b465ee728b)
Start importing Assets/Idyllic Fantasy Nature/Materials/Grass using Guid(bc681461aa19fa649a63b7b938dae92f) Importer(815301076,1909f56bfc062723c751e8b465ee728b) [PhysX] Initialized MultithreadedTaskDispatcher with 32 workers.
 -> (artifact id: '4850e368af443332f6905d6e127f2ee7') in 0.000976 seconds
Number of updated asset objects reloaded before import = 0
Number of asset objects unloaded after import = 0
========================================================================
Received Import Request.
  Time since last request: 7.187475 seconds.
  path: Assets/Idyllic Fantasy Nature/Demo/Settings/Land_Terrain.asset
  artifactKey: Guid(ff8b9b6b546d9b24797c6ea38cfebcaa) Importer(815301076,1909f56bfc062723c751e8b465ee728b)
Start importing Assets/Idyllic Fantasy Nature/Demo/Settings/Land_Terrain.asset using Guid(ff8b9b6b546d9b24797c6ea38cfebcaa) Importer(815301076,1909f56bfc062723c751e8b465ee728b) [PhysX] Initialized MultithreadedTaskDispatcher with 32 workers.
[PhysX] Initialized MultithreadedTaskDispatcher with 32 workers.
[PhysX] Initialized MultithreadedTaskDispatcher with 32 workers.
 -> (artifact id: 'f3c7059e4b8056cae059930e9d093bae') in 0.077670 seconds
Number of updated asset objects reloaded before import = 0
Number of asset objects unloaded after import = 213
========================================================================
Received Import Request.
  Time since last request: 102.318997 seconds.
  path: Assets/Idyllic Fantasy Nature/Demo/Terrain Models/Terrain_Leaf_Green.fbx
  artifactKey: Guid(faef7414a4206034d8ec325a6b8846db) Importer(815301076,1909f56bfc062723c751e8b465ee728b)
Start importing Assets/Idyllic Fantasy Nature/Demo/Terrain Models/Terrain_Leaf_Green.fbx using Guid(faef7414a4206034d8ec325a6b8846db) Importer(815301076,1909f56bfc062723c751e8b465ee728b) [PhysX] Initialized MultithreadedTaskDispatcher with 32 workers.
[PhysX] Initialized MultithreadedTaskDispatcher with 32 workers.
[PhysX] Initialized MultithreadedTaskDispatcher with 32 workers.
[PhysX] Initialized MultithreadedTaskDispatcher with 32 workers.
 -> (artifact id: '438b0f17ca4b1bf2e8f767b349288ca3') in 0.056551 seconds
Number of updated asset objects reloaded before import = 0
Number of asset objects unloaded after import = 9
========================================================================
Received Import Request.
  Time since last request: 0.000019 seconds.
  path: Assets/Idyllic Fantasy Nature/Demo/Terrain Models/Terrain_Leaf_Red.fbx
  artifactKey: Guid(25e20a991acdba14196bae9a950122e4) Importer(815301076,1909f56bfc062723c751e8b465ee728b)
Start importing Assets/Idyllic Fantasy Nature/Demo/Terrain Models/Terrain_Leaf_Red.fbx using Guid(25e20a991acdba14196bae9a950122e4) Importer(815301076,1909f56bfc062723c751e8b465ee728b) [PhysX] Initialized MultithreadedTaskDispatcher with 32 workers.
[PhysX] Initialized MultithreadedTaskDispatcher with 32 workers.
[PhysX] Initialized MultithreadedTaskDispatcher with 32 workers.
[PhysX] Initialized MultithreadedTaskDispatcher with 32 workers.
 -> (artifact id: '90b91aae2f155bc0a80ea5af0687fee5') in 0.024660 seconds
Number of updated asset objects reloaded before import = 0
Number of asset objects unloaded after import = 9
========================================================================
Received Import Request.
  Time since last request: 0.000017 seconds.
  path: Assets/Idyllic Fantasy Nature/Demo/Terrain Models/Terrain_Particles.fbx
  artifactKey: Guid(33a17dae5218a36448945860b7678bc5) Importer(815301076,1909f56bfc062723c751e8b465ee728b)
Start importing Assets/Idyllic Fantasy Nature/Demo/Terrain Models/Terrain_Particles.fbx using Guid(33a17dae5218a36448945860b7678bc5) Importer(815301076,1909f56bfc062723c751e8b465ee728b) [PhysX] Initialized MultithreadedTaskDispatcher with 32 workers.
[PhysX] Initialized MultithreadedTaskDispatcher with 32 workers.
[PhysX] Initialized MultithreadedTaskDispatcher with 32 workers.
[PhysX] Initialized MultithreadedTaskDispatcher with 32 workers.
 -> (artifact id: '2e39f87f9eb5dab6a0b6020e697a76d1') in 0.025891 seconds
Number of updated asset objects reloaded before import = 0
Number of asset objects unloaded after import = 9
========================================================================
Received Import Request.
  Time since last request: 0.000018 seconds.
  path: Assets/Idyllic Fantasy Nature/Demo/Terrain Models/Terrain_Leaf_Purple.fbx
  artifactKey: Guid(372a3d4065cf4c54daa87513ea5a209a) Importer(815301076,1909f56bfc062723c751e8b465ee728b)
Start importing Assets/Idyllic Fantasy Nature/Demo/Terrain Models/Terrain_Leaf_Purple.fbx using Guid(372a3d4065cf4c54daa87513ea5a209a) Importer(815301076,1909f56bfc062723c751e8b465ee728b) [PhysX] Initialized MultithreadedTaskDispatcher with 32 workers.
[PhysX] Initialized MultithreadedTaskDispatcher with 32 workers.
[PhysX] Initialized MultithreadedTaskDispatcher with 32 workers.
[PhysX] Initialized MultithreadedTaskDispatcher with 32 workers.
 -> (artifact id: 'cc054f525ade259777ac49f9b9dde5b9') in 0.025355 seconds
Number of updated asset objects reloaded before import = 0
Number of asset objects unloaded after import = 9
========================================================================
Received Import Request.
  Time since last request: 0.000022 seconds.
  path: Assets/Idyllic Fantasy Nature/Demo/Terrain Models/Terrain_Leaf_Pink.fbx
  artifactKey: Guid(a55d1b042b9f750499620b0d42e02d25) Importer(815301076,1909f56bfc062723c751e8b465ee728b)
Start importing Assets/Idyllic Fantasy Nature/Demo/Terrain Models/Terrain_Leaf_Pink.fbx using Guid(a55d1b042b9f750499620b0d42e02d25) Importer(815301076,1909f56bfc062723c751e8b465ee728b) [PhysX] Initialized MultithreadedTaskDispatcher with 32 workers.
[PhysX] Initialized MultithreadedTaskDispatcher with 32 workers.
[PhysX] Initialized MultithreadedTaskDispatcher with 32 workers.
[PhysX] Initialized MultithreadedTaskDispatcher with 32 workers.
 -> (artifact id: '8d49ce99d032f38f32f65be633740bd0') in 0.026120 seconds
Number of updated asset objects reloaded before import = 0
Number of asset objects unloaded after import = 9
========================================================================
Received Import Request.
  Time since last request: 34.570586 seconds.
  path: Assets/Idyllic Fantasy Nature/Materials/Trees/Broadleaf_Purple.mat
  artifactKey: Guid(60af0aa251dace2439770889908075fa) Importer(815301076,1909f56bfc062723c751e8b465ee728b)
Start importing Assets/Idyllic Fantasy Nature/Materials/Trees/Broadleaf_Purple.mat using Guid(60af0aa251dace2439770889908075fa) Importer(815301076,1909f56bfc062723c751e8b465ee728b) [PhysX] Initialized MultithreadedTaskDispatcher with 32 workers.
[PhysX] Initialized MultithreadedTaskDispatcher with 32 workers.
 -> (artifact id: 'fb756b62f65068823f7c22b4431f28aa') in 0.022277 seconds
Number of updated asset objects reloaded before import = 0
Number of asset objects unloaded after import = 3
========================================================================
Received Import Request.
  Time since last request: 0.000031 seconds.
  path: Assets/Idyllic Fantasy Nature/Materials/Trees/Tree_Bark.mat
  artifactKey: Guid(333733ceb992ddb448188a2f476222e8) Importer(815301076,1909f56bfc062723c751e8b465ee728b)
Start importing Assets/Idyllic Fantasy Nature/Materials/Trees/Tree_Bark.mat using Guid(333733ceb992ddb448188a2f476222e8) Importer(815301076,1909f56bfc062723c751e8b465ee728b) [PhysX] Initialized MultithreadedTaskDispatcher with 32 workers.
[PhysX] Initialized MultithreadedTaskDispatcher with 32 workers.
 -> (artifact id: '2f9aac2b0af00c774a6005d6d5116850') in 0.042574 seconds
Number of updated asset objects reloaded before import = 0
Number of asset objects unloaded after import = 7
========================================================================
Received Import Request.
  Time since last request: 0.000141 seconds.
  path: Assets/Idyllic Fantasy Nature/Materials/Trees/Willow_Branch_Blue.mat
  artifactKey: Guid(af0497010901f254a9fe6230f5a174a4) Importer(815301076,1909f56bfc062723c751e8b465ee728b)
Start importing Assets/Idyllic Fantasy Nature/Materials/Trees/Willow_Branch_Blue.mat using Guid(af0497010901f254a9fe6230f5a174a4) Importer(815301076,1909f56bfc062723c751e8b465ee728b) [PhysX] Initialized MultithreadedTaskDispatcher with 32 workers.
[PhysX] Initialized MultithreadedTaskDispatcher with 32 workers.
 -> (artifact id: 'c34083f153e43fdabfd8de57a1f804aa') in 0.035673 seconds
Number of updated asset objects reloaded before import = 0
Number of asset objects unloaded after import = 3
========================================================================
Received Import Request.
  Time since last request: 0.000017 seconds.
  path: Assets/Idyllic Fantasy Nature/Materials/Trees/Tree_Bark_02.mat
  artifactKey: Guid(1a2776aad3b57804994baf2fcd717291) Importer(815301076,1909f56bfc062723c751e8b465ee728b)
Start importing Assets/Idyllic Fantasy Nature/Materials/Trees/Tree_Bark_02.mat using Guid(1a2776aad3b57804994baf2fcd717291) Importer(815301076,1909f56bfc062723c751e8b465ee728b) [PhysX] Initialized MultithreadedTaskDispatcher with 32 workers.
[PhysX] Initialized MultithreadedTaskDispatcher with 32 workers.
 -> (artifact id: '81b9f8da15e28aa8dffecc6c4cca256c') in 0.031477 seconds
Number of updated asset objects reloaded before import = 0
Number of asset objects unloaded after import = 7
========================================================================
Received Import Request.
  Time since last request: 0.000017 seconds.
  path: Assets/Idyllic Fantasy Nature/Materials/Trees/Willow_Branch_Pink.mat
  artifactKey: Guid(8609a57ab3cc6964da7080bd8f65fa29) Importer(815301076,1909f56bfc062723c751e8b465ee728b)
Start importing Assets/Idyllic Fantasy Nature/Materials/Trees/Willow_Branch_Pink.mat using Guid(8609a57ab3cc6964da7080bd8f65fa29) Importer(815301076,1909f56bfc062723c751e8b465ee728b) [PhysX] Initialized MultithreadedTaskDispatcher with 32 workers.
[PhysX] Initialized MultithreadedTaskDispatcher with 32 workers.
 -> (artifact id: 'b8a81f53482cd768bdf95969d22a716d') in 0.023433 seconds
Number of updated asset objects reloaded before import = 0
Number of asset objects unloaded after import = 3
========================================================================
Received Import Request.
  Time since last request: 28.796185 seconds.
  path: Assets/Idyllic Fantasy Nature/Materials/Rocks/Rock_Big_01.mat
  artifactKey: Guid(506f72d3e3d9cba4bbc056270c13658a) Importer(815301076,1909f56bfc062723c751e8b465ee728b)
Start importing Assets/Idyllic Fantasy Nature/Materials/Rocks/Rock_Big_01.mat using Guid(506f72d3e3d9cba4bbc056270c13658a) Importer(815301076,1909f56bfc062723c751e8b465ee728b) [PhysX] Initialized MultithreadedTaskDispatcher with 32 workers.
[PhysX] Initialized MultithreadedTaskDispatcher with 32 workers.
 -> (artifact id: '5f8719e68fd63a8da974ecc405c98bb5') in 0.597174 seconds
Number of updated asset objects reloaded before import = 0
Number of asset objects unloaded after import = 7
========================================================================
Received Import Request.
  Time since last request: 20.026890 seconds.
  path: Assets/Idyllic Fantasy Nature/Materials/Butterfly/Butterfly_Wings_01.mat
  artifactKey: Guid(69d003fec465e5942bd46e5ab6cb7520) Importer(815301076,1909f56bfc062723c751e8b465ee728b)
Start importing Assets/Idyllic Fantasy Nature/Materials/Butterfly/Butterfly_Wings_01.mat using Guid(69d003fec465e5942bd46e5ab6cb7520) Importer(815301076,1909f56bfc062723c751e8b465ee728b) [PhysX] Initialized MultithreadedTaskDispatcher with 32 workers.
[PhysX] Initialized MultithreadedTaskDispatcher with 32 workers.
 -> (artifact id: '0f69f99353ee67efa00f6ac8ea1d8fbb') in 0.463174 seconds
Number of updated asset objects reloaded before import = 0
Number of asset objects unloaded after import = 3
========================================================================
Received Import Request.
  Time since last request: 57.095229 seconds.
  path: Assets/Idyllic Fantasy Nature/Textures/Trees/Bark_Normal.png
  artifactKey: Guid(2affd080f0247a2409435d9bde482780) Importer(815301076,1909f56bfc062723c751e8b465ee728b)
Start importing Assets/Idyllic Fantasy Nature/Textures/Trees/Bark_Normal.png using Guid(2affd080f0247a2409435d9bde482780) Importer(815301076,1909f56bfc062723c751e8b465ee728b) [PhysX] Initialized MultithreadedTaskDispatcher with 32 workers.
[PhysX] Initialized MultithreadedTaskDispatcher with 32 workers.
 -> (artifact id: '9e6cb6a55d1fe24cf3015a4b1f7c86f1') in 0.025419 seconds
Number of updated asset objects reloaded before import = 0
Number of asset objects unloaded after import = 2
========================================================================
Received Import Request.
  Time since last request: 0.000029 seconds.
  path: Assets/Idyllic Fantasy Nature/Textures/Trees/WillowTree_Branch.png
  artifactKey: Guid(594d72797cf45384b9bdf93a388cdf98) Importer(815301076,1909f56bfc062723c751e8b465ee728b)
Start importing Assets/Idyllic Fantasy Nature/Textures/Trees/WillowTree_Branch.png using Guid(594d72797cf45384b9bdf93a388cdf98) Importer(815301076,1909f56bfc062723c751e8b465ee728b) [PhysX] Initialized MultithreadedTaskDispatcher with 32 workers.
[PhysX] Initialized MultithreadedTaskDispatcher with 32 workers.
 -> (artifact id: 'e67cefa6c3d7cbb0e6f8c2f3acb386aa') in 0.022457 seconds
Number of updated asset objects reloaded before import = 0
Number of asset objects unloaded after import = 2
========================================================================
Received Import Request.
  Time since last request: 11.988997 seconds.
  path: Assets/Idyllic Fantasy Nature/Demo/Prefabs/FloatingLeafs_Pink.prefab
  artifactKey: Guid(e738d0a3de76cf548922da9c6673c974) Importer(815301076,1909f56bfc062723c751e8b465ee728b)
Start importing Assets/Idyllic Fantasy Nature/Demo/Prefabs/FloatingLeafs_Pink.prefab using Guid(e738d0a3de76cf548922da9c6673c974) Importer(815301076,1909f56bfc062723c751e8b465ee728b) [PhysX] Initialized MultithreadedTaskDispatcher with 32 workers.
[PhysX] Initialized MultithreadedTaskDispatcher with 32 workers.
 -> (artifact id: 'b32ecfa30ae0394b4b64dee99d2013ef') in 0.032329 seconds
Number of updated asset objects reloaded before import = 0
Number of asset objects unloaded after import = 10
========================================================================
Received Import Request.
  Time since last request: 0.000022 seconds.
  path: Assets/Idyllic Fantasy Nature/Demo/Prefabs/Terrain_Leaf_Green.prefab
  artifactKey: Guid(7af81dac28d2bdb46a4bc76b8977a97a) Importer(815301076,1909f56bfc062723c751e8b465ee728b)
Start importing Assets/Idyllic Fantasy Nature/Demo/Prefabs/Terrain_Leaf_Green.prefab using Guid(7af81dac28d2bdb46a4bc76b8977a97a) Importer(815301076,1909f56bfc062723c751e8b465ee728b) [PhysX] Initialized MultithreadedTaskDispatcher with 32 workers.
[PhysX] Initialized MultithreadedTaskDispatcher with 32 workers.
 -> (artifact id: '0a4eb857f5ca0da1f63149dade5f334e') in 0.019153 seconds
Number of updated asset objects reloaded before import = 0
Number of asset objects unloaded after import = 14
========================================================================
Received Import Request.
  Time since last request: 0.000034 seconds.
  path: Assets/Idyllic Fantasy Nature/Demo/Prefabs/Terrain_Leaf_Purple.prefab
  artifactKey: Guid(e05044e422ad80b45bf81bddafbef7b0) Importer(815301076,1909f56bfc062723c751e8b465ee728b)
Start importing Assets/Idyllic Fantasy Nature/Demo/Prefabs/Terrain_Leaf_Purple.prefab using Guid(e05044e422ad80b45bf81bddafbef7b0) Importer(815301076,1909f56bfc062723c751e8b465ee728b) [PhysX] Initialized MultithreadedTaskDispatcher with 32 workers.
[PhysX] Initialized MultithreadedTaskDispatcher with 32 workers.
 -> (artifact id: 'bb8401adc2929c2859ce34f4afe5a64e') in 0.018002 seconds
Number of updated asset objects reloaded before import = 0
Number of asset objects unloaded after import = 14
Editor requested this worker to shutdown with reason: Scaling down because of idle timeout
TcpMessagingSession - receive error: operation aborted. errorcode: 995, details: The I/O operation has been aborted because of either a thread exit or an application request.
AssetImportWorker is now disconnected from the server
Process exiting
Exiting without the bug reporter. Application will terminate with return code 0