Using pre-set license
Built from '2022.3/staging' branch; Version is '2022.3.59f1 (630718f645a5) revision 6489880'; Using compiler version '192829333'; Build Type 'Release'
OS: 'Windows 11  (10.0.26100) 64bit Core' Language: 'en' Physical Memory: 32491 MB
BatchMode: 1, IsHumanControllingUs: 0, StartBugReporterOnCrash: 0, Is64bit: 1, IsPro: 1

COMMAND LINE ARGUMENTS:
C:\Program Files\Unity\Hub\Editor\2022.3.59f1\Editor\Unity.exe
-adb2
-batchMode
-noUpm
-name
AssetImportWorker11
-projectPath
C:/FinalProject_am/finalprojectrepo/FinalProject_AM
-logFile
Logs/AssetImportWorker11.log
-srvPort
61955
Successfully changed project path to: C:/FinalProject_am/finalprojectrepo/FinalProject_AM
C:/FinalProject_am/finalprojectrepo/FinalProject_AM
[UnityMemory] Configuration Parameters - Can be set up in boot.config
    "memorysetup-bucket-allocator-granularity=16"
    "memorysetup-bucket-allocator-bucket-count=8"
    "memorysetup-bucket-allocator-block-size=33554432"
    "memorysetup-bucket-allocator-block-count=8"
    "memorysetup-main-allocator-block-size=16777216"
    "memorysetup-thread-allocator-block-size=16777216"
    "memorysetup-gfx-main-allocator-block-size=16777216"
    "memorysetup-gfx-thread-allocator-block-size=16777216"
    "memorysetup-cache-allocator-block-size=4194304"
    "memorysetup-typetree-allocator-block-size=2097152"
    "memorysetup-profiler-bucket-allocator-granularity=16"
    "memorysetup-profiler-bucket-allocator-bucket-count=8"
    "memorysetup-profiler-bucket-allocator-block-size=33554432"
    "memorysetup-profiler-bucket-allocator-block-count=8"
    "memorysetup-profiler-allocator-block-size=16777216"
    "memorysetup-profiler-editor-allocator-block-size=1048576"
    "memorysetup-temp-allocator-size-main=16777216"
    "memorysetup-job-temp-allocator-block-size=2097152"
    "memorysetup-job-temp-allocator-block-size-background=1048576"
    "memorysetup-job-temp-allocator-reduction-small-platforms=262144"
    "memorysetup-allocator-temp-initial-block-size-main=262144"
    "memorysetup-allocator-temp-initial-block-size-worker=262144"
    "memorysetup-temp-allocator-size-background-worker=32768"
    "memorysetup-temp-allocator-size-job-worker=262144"
    "memorysetup-temp-allocator-size-preload-manager=33554432"
    "memorysetup-temp-allocator-size-nav-mesh-worker=65536"
    "memorysetup-temp-allocator-size-audio-worker=65536"
    "memorysetup-temp-allocator-size-cloud-worker=32768"
    "memorysetup-temp-allocator-size-gi-baking-worker=262144"
    "memorysetup-temp-allocator-size-gfx=262144"
Player connection [35928]  Target information:

Player connection [35928]  * "[IP] 172.16.35.249 [Port] 0 [Flags] 2 [Guid] 1451935885 [EditorId] 1451935885 [Version] 1048832 [Id] WindowsEditor(7,APEACH) [Debug] 1 [PackageName] WindowsEditor [ProjectName] Editor" 

Player connection [35928] Host joined multi-casting on [225.0.0.222:54997]...
Player connection [35928] Host joined alternative multi-casting on [225.0.0.222:34997]...
Input System module state changed to: Initialized.
[PhysX] Initialized MultithreadedTaskDispatcher with 32 workers.
Refreshing native plugins compatible for Editor in 6.02 ms, found 3 plugins.
Preloading 0 native plugins for Editor in 0.00 ms.
Initialize engine version: 2022.3.59f1 (630718f645a5)
[Subsystems] Discovering subsystems at path C:/Program Files/Unity/Hub/Editor/2022.3.59f1/Editor/Data/Resources/UnitySubsystems
[Subsystems] Discovering subsystems at path C:/FinalProject_am/finalprojectrepo/FinalProject_AM/Assets
GfxDevice: creating device client; threaded=0; jobified=0
Direct3D:
    Version:  Direct3D 11.0 [level 11.1]
    Renderer: NVIDIA GeForce RTX 4070 Laptop GPU (ID=0x2860)
    Vendor:   NVIDIA
    VRAM:     7948 MB
    Driver:   32.0.15.6614
Initialize mono
Mono path[0] = 'C:/Program Files/Unity/Hub/Editor/2022.3.59f1/Editor/Data/Managed'
Mono path[1] = 'C:/Program Files/Unity/Hub/Editor/2022.3.59f1/Editor/Data/MonoBleedingEdge/lib/mono/unityjit-win32'
Mono config path = 'C:/Program Files/Unity/Hub/Editor/2022.3.59f1/Editor/Data/MonoBleedingEdge/etc'
Using monoOptions --debugger-agent=transport=dt_socket,embedding=1,server=y,suspend=n,address=127.0.0.1:56920
Begin MonoManager ReloadAssembly
Registering precompiled unity dll's ...
Register platform support module: C:/Program Files/Unity/Hub/Editor/2022.3.59f1/Editor/Data/PlaybackEngines/WindowsStandaloneSupport/UnityEditor.WindowsStandalone.Extensions.dll
Registered in 0.003557 seconds.
- Loaded All Assemblies, in  0.234 seconds
Native extension for WindowsStandalone target not found
Mono: successfully reloaded assembly
- Finished resetting the current domain, in  0.189 seconds
Domain Reload Profiling: 422ms
	BeginReloadAssembly (71ms)
		ExecutionOrderSort (0ms)
		DisableScriptedObjects (0ms)
		BackupInstance (0ms)
		ReleaseScriptingObjects (0ms)
		CreateAndSetChildDomain (0ms)
	RebuildCommonClasses (24ms)
	RebuildNativeTypeToScriptingClass (7ms)
	initialDomainReloadingComplete (38ms)
	LoadAllAssembliesAndSetupDomain (93ms)
		LoadAssemblies (70ms)
		RebuildTransferFunctionScriptingTraits (0ms)
		AnalyzeDomain (92ms)
			TypeCache.Refresh (91ms)
				TypeCache.ScanAssembly (82ms)
			ScanForSourceGeneratedMonoScriptInfo (0ms)
			ResolveRequiredComponents (0ms)
	FinalizeReload (189ms)
		ReleaseScriptCaches (0ms)
		RebuildScriptCaches (0ms)
		SetupLoadedEditorAssemblies (152ms)
			LogAssemblyErrors (0ms)
			InitializePlatformSupportModulesInManaged (7ms)
			SetLoadedEditorAssemblies (6ms)
			RefreshPlugins (0ms)
			BeforeProcessingInitializeOnLoad (2ms)
			ProcessInitializeOnLoadAttributes (106ms)
			ProcessInitializeOnLoadMethodAttributes (32ms)
			AfterProcessingInitializeOnLoad (0ms)
			EditorAssembliesLoaded (0ms)
		ExecutionOrderSort2 (0ms)
		AwakeInstancesAfterBackupRestoration (0ms)
========================================================================
Worker process is ready to serve import requests
Caller must complete domain reload
Begin MonoManager ReloadAssembly
- Loaded All Assemblies, in  0.377 seconds
Native extension for WindowsStandalone target not found
Mono: successfully reloaded assembly
- Finished resetting the current domain, in  0.364 seconds
Domain Reload Profiling: 740ms
	BeginReloadAssembly (85ms)
		ExecutionOrderSort (0ms)
		DisableScriptedObjects (3ms)
		BackupInstance (0ms)
		ReleaseScriptingObjects (0ms)
		CreateAndSetChildDomain (12ms)
	RebuildCommonClasses (20ms)
	RebuildNativeTypeToScriptingClass (6ms)
	initialDomainReloadingComplete (24ms)
	LoadAllAssembliesAndSetupDomain (240ms)
		LoadAssemblies (181ms)
		RebuildTransferFunctionScriptingTraits (0ms)
		AnalyzeDomain (110ms)
			TypeCache.Refresh (91ms)
				TypeCache.ScanAssembly (82ms)
			ScanForSourceGeneratedMonoScriptInfo (12ms)
			ResolveRequiredComponents (6ms)
	FinalizeReload (364ms)
		ReleaseScriptCaches (0ms)
		RebuildScriptCaches (0ms)
		SetupLoadedEditorAssemblies (277ms)
			LogAssemblyErrors (0ms)
			InitializePlatformSupportModulesInManaged (3ms)
			SetLoadedEditorAssemblies (3ms)
			RefreshPlugins (0ms)
			BeforeProcessingInitializeOnLoad (43ms)
			ProcessInitializeOnLoadAttributes (184ms)
			ProcessInitializeOnLoadMethodAttributes (40ms)
			AfterProcessingInitializeOnLoad (4ms)
			EditorAssembliesLoaded (0ms)
		ExecutionOrderSort2 (0ms)
		AwakeInstancesAfterBackupRestoration (5ms)
Launched and connected shader compiler UnityShaderCompiler.exe after 0.03 seconds
Refreshing native plugins compatible for Editor in 4.59 ms, found 3 plugins.
Preloading 0 native plugins for Editor in 0.00 ms.
Unloading 4889 Unused Serialized files (Serialized files now loaded: 0)
Unloading 24 unused Assets / (349.4 KB). Loaded Objects now: 5371.
Memory consumption went from 204.2 MB to 203.9 MB.
Total: 4.108800 ms (FindLiveObjects: 0.294100 ms CreateObjectMapping: 0.190900 ms MarkObjects: 3.418000 ms  DeleteObjects: 0.204300 ms)

AssetImportParameters requested are different than current active one (requested -> active):
  custom:container-demuxer-ogg: 62fdf1f143b41e24485cea50d1cbac27 -> 
  custom:video-codec-MediaFoundation-h265: 746d11721c4dcdbdad8f713fa42b33f4 -> 
  custom:video-decoder-ogg-theora: a1e56fd34408186e4bbccfd4996cb3dc -> 
  custom:framework-win-MediaFoundation: 216162199b28c13a410421893ffa2e32 -> 
  custom:CustomObjectIndexerAttribute: 72b91833f83ae208fae7752999fa3104 -> 
  custom:container-demuxer-webm: 4f35f7cbe854078d1ac9338744f61a02 -> 
  custom:container-muxer-webm: aa71ff27fc2769a1b78a27578f13a17b -> 
  custom:video-decoder-webm-vp8: 9c59270c3fd7afecdb556c50c9e8de78 -> 
  custom:SearchIndexIgnoredProperties: e643bd26f0fe6173181afceb89e7c659 -> 
  custom:AudioImporter_EditorPlatform: d09bf68614088b80899f8185d706f6e7 -> 
  custom:video-encoder-webm-vp8: eb34c28f22e8b96e1ab97ce403110664 -> 
  custom:audio-decoder-ogg-vorbis: bf7c407c2cedff20999df2af8eb42d56 -> 
  custom:audio-encoder-webm-vorbis: bf7c407c2cedff20999df2af8eb42d56 -> 
========================================================================
Received Import Request.
  Time since last request: 208199.309696 seconds.
  path: Assets/Idyllic Fantasy Nature/Prefabs/Reeds_02.prefab
  artifactKey: Guid(d0ba186e72690984794044cf9a82dd2e) Importer(815301076,1909f56bfc062723c751e8b465ee728b)
Start importing Assets/Idyllic Fantasy Nature/Prefabs/Reeds_02.prefab using Guid(d0ba186e72690984794044cf9a82dd2e) Importer(815301076,1909f56bfc062723c751e8b465ee728b) [PhysX] Initialized MultithreadedTaskDispatcher with 32 workers.
[PhysX] Initialized MultithreadedTaskDispatcher with 32 workers.
 -> (artifact id: '57fd34acb587834cd4270200844e8213') in 0.231041 seconds
Number of updated asset objects reloaded before import = 0
Number of asset objects unloaded after import = 30
========================================================================
Received Import Request.
  Time since last request: 0.000030 seconds.
  path: Assets/Idyllic Fantasy Nature/Prefabs/Stones_01.prefab
  artifactKey: Guid(b8868e5d76be86a44a2e2a92a229cf7b) Importer(815301076,1909f56bfc062723c751e8b465ee728b)
Start importing Assets/Idyllic Fantasy Nature/Prefabs/Stones_01.prefab using Guid(b8868e5d76be86a44a2e2a92a229cf7b) Importer(815301076,1909f56bfc062723c751e8b465ee728b) [PhysX] Initialized MultithreadedTaskDispatcher with 32 workers.
[PhysX] Initialized MultithreadedTaskDispatcher with 32 workers.
 -> (artifact id: '6a05c0b7931b94b7d1ce3969a4c717fd') in 0.068714 seconds
Number of updated asset objects reloaded before import = 0
Number of asset objects unloaded after import = 142
========================================================================
Received Import Request.
  Time since last request: 0.000034 seconds.
  path: Assets/Idyllic Fantasy Nature/Prefabs/Stone_Big_02.prefab
  artifactKey: Guid(fda1d90552c23d54093acc5a44c8067a) Importer(815301076,1909f56bfc062723c751e8b465ee728b)
Start importing Assets/Idyllic Fantasy Nature/Prefabs/Stone_Big_02.prefab using Guid(fda1d90552c23d54093acc5a44c8067a) Importer(815301076,1909f56bfc062723c751e8b465ee728b) [PhysX] Initialized MultithreadedTaskDispatcher with 32 workers.
[PhysX] Initialized MultithreadedTaskDispatcher with 32 workers.
 -> (artifact id: '1818112c1a9142338ccd912f6b85daf9') in 0.021684 seconds
Number of updated asset objects reloaded before import = 0
Number of asset objects unloaded after import = 25
========================================================================
Received Import Request.
  Time since last request: 0.000041 seconds.
  path: Assets/Idyllic Fantasy Nature/Prefabs/WillowTree_01_Blue.prefab
  artifactKey: Guid(107cac4590a2a764daf1cbcf0a7e7daf) Importer(815301076,1909f56bfc062723c751e8b465ee728b)
Start importing Assets/Idyllic Fantasy Nature/Prefabs/WillowTree_01_Blue.prefab using Guid(107cac4590a2a764daf1cbcf0a7e7daf) Importer(815301076,1909f56bfc062723c751e8b465ee728b) [PhysX] Initialized MultithreadedTaskDispatcher with 32 workers.
[PhysX] Initialized MultithreadedTaskDispatcher with 32 workers.
 -> (artifact id: '098ebe37b040181eb5b264e348d2789a') in 0.029208 seconds
Number of updated asset objects reloaded before import = 0
Number of asset objects unloaded after import = 30
========================================================================
Received Import Request.
  Time since last request: 0.000024 seconds.
  path: Assets/Idyllic Fantasy Nature/Prefabs/Waterlily_02.prefab
  artifactKey: Guid(fa84a38b82cd6f94ea00bd70b2af5992) Importer(815301076,1909f56bfc062723c751e8b465ee728b)
Start importing Assets/Idyllic Fantasy Nature/Prefabs/Waterlily_02.prefab using Guid(fa84a38b82cd6f94ea00bd70b2af5992) Importer(815301076,1909f56bfc062723c751e8b465ee728b) [PhysX] Initialized MultithreadedTaskDispatcher with 32 workers.
[PhysX] Initialized MultithreadedTaskDispatcher with 32 workers.
 -> (artifact id: 'f6e8174320f8640c185db63f2fd93990') in 0.655751 seconds
Number of updated asset objects reloaded before import = 0
Number of asset objects unloaded after import = 47
========================================================================
Received Import Request.
  Time since last request: 12.749745 seconds.
  path: Assets/Settings/Balanced_PipelineAsset_ForwardRenderer.asset
  artifactKey: Guid(a7cd6bfaa73dc874fbcc6e05bfc4a4f6) Importer(815301076,1909f56bfc062723c751e8b465ee728b)
Start importing Assets/Settings/Balanced_PipelineAsset_ForwardRenderer.asset using Guid(a7cd6bfaa73dc874fbcc6e05bfc4a4f6) Importer(815301076,1909f56bfc062723c751e8b465ee728b) [PhysX] Initialized MultithreadedTaskDispatcher with 32 workers.
 -> (artifact id: '5256f699feea53d79bb0103471c8edfd') in 0.001226 seconds
Number of updated asset objects reloaded before import = 0
Number of asset objects unloaded after import = 1
========================================================================
Received Import Request.
  Time since last request: 0.026921 seconds.
  path: Assets/Settings/URP-Balanced-Renderer.asset
  artifactKey: Guid(e634585d5c4544dd297acaee93dc2beb) Importer(815301076,1909f56bfc062723c751e8b465ee728b)
Start importing Assets/Settings/URP-Balanced-Renderer.asset using Guid(e634585d5c4544dd297acaee93dc2beb) Importer(815301076,1909f56bfc062723c751e8b465ee728b) [PhysX] Initialized MultithreadedTaskDispatcher with 32 workers.
 -> (artifact id: '382b4741f927395f02c743c5dca14345') in 0.053156 seconds
Number of updated asset objects reloaded before import = 0
Number of asset objects unloaded after import = 9
========================================================================
Received Import Request.
  Time since last request: 38.720490 seconds.
  path: Assets/Idyllic Fantasy Nature/Textures/Water/Water_Normal_02.png
  artifactKey: Guid(cbaa63a286b85324a9ac9e524a41ac7c) Importer(815301076,1909f56bfc062723c751e8b465ee728b)
Start importing Assets/Idyllic Fantasy Nature/Textures/Water/Water_Normal_02.png using Guid(cbaa63a286b85324a9ac9e524a41ac7c) Importer(815301076,1909f56bfc062723c751e8b465ee728b) [PhysX] Initialized MultithreadedTaskDispatcher with 32 workers.
[PhysX] Initialized MultithreadedTaskDispatcher with 32 workers.
 -> (artifact id: '7c4416b9c738f40a4f00a6b8a4846f4e') in 0.024997 seconds
Number of updated asset objects reloaded before import = 0
Number of asset objects unloaded after import = 2
========================================================================
Received Import Request.
  Time since last request: 206.726587 seconds.
  path: Assets/Idyllic Fantasy Nature/Materials/FX/Bush_Leaf_02.mat
  artifactKey: Guid(f48d38bd48de5ef48b9af1e09a48dbea) Importer(815301076,1909f56bfc062723c751e8b465ee728b)
Start importing Assets/Idyllic Fantasy Nature/Materials/FX/Bush_Leaf_02.mat using Guid(f48d38bd48de5ef48b9af1e09a48dbea) Importer(815301076,1909f56bfc062723c751e8b465ee728b) [PhysX] Initialized MultithreadedTaskDispatcher with 32 workers.
[PhysX] Initialized MultithreadedTaskDispatcher with 32 workers.
 -> (artifact id: 'dc900af885765c9291562bc3e5feaa3d') in 0.031587 seconds
Number of updated asset objects reloaded before import = 0
Number of asset objects unloaded after import = 3
========================================================================
Received Import Request.
  Time since last request: 0.000021 seconds.
  path: Assets/Idyllic Fantasy Nature/Materials/FX/GodRay.mat
  artifactKey: Guid(7c1cacf36717f0a4d9e482b707e6c702) Importer(815301076,1909f56bfc062723c751e8b465ee728b)
Start importing Assets/Idyllic Fantasy Nature/Materials/FX/GodRay.mat using Guid(7c1cacf36717f0a4d9e482b707e6c702) Importer(815301076,1909f56bfc062723c751e8b465ee728b) [PhysX] Initialized MultithreadedTaskDispatcher with 32 workers.
[PhysX] Initialized MultithreadedTaskDispatcher with 32 workers.
 -> (artifact id: 'c9c0f1001ee1b8aa37a604e655245e0e') in 0.060379 seconds
Number of updated asset objects reloaded before import = 0
Number of asset objects unloaded after import = 2
========================================================================
Received Import Request.
  Time since last request: 0.000018 seconds.
  path: Assets/Idyllic Fantasy Nature/Materials/FX/Bush_Leaf_03.mat
  artifactKey: Guid(e18dbc3aca2857f409dd07b44909ab52) Importer(815301076,1909f56bfc062723c751e8b465ee728b)
Start importing Assets/Idyllic Fantasy Nature/Materials/FX/Bush_Leaf_03.mat using Guid(e18dbc3aca2857f409dd07b44909ab52) Importer(815301076,1909f56bfc062723c751e8b465ee728b) [PhysX] Initialized MultithreadedTaskDispatcher with 32 workers.
[PhysX] Initialized MultithreadedTaskDispatcher with 32 workers.
 -> (artifact id: '18e477116a4a1e63a159b1b7bdd6d25d') in 0.010147 seconds
Number of updated asset objects reloaded before import = 0
Number of asset objects unloaded after import = 3
========================================================================
Received Import Request.
  Time since last request: 18.137165 seconds.
  path: Assets/Idyllic Fantasy Nature/Demo/Settings/OcclusionCullingData.asset
  artifactKey: Guid(6fd4b7c4a4a717c42986ca50a35246b8) Importer(815301076,1909f56bfc062723c751e8b465ee728b)
Start importing Assets/Idyllic Fantasy Nature/Demo/Settings/OcclusionCullingData.asset using Guid(6fd4b7c4a4a717c42986ca50a35246b8) Importer(815301076,1909f56bfc062723c751e8b465ee728b) [PhysX] Initialized MultithreadedTaskDispatcher with 32 workers.
 -> (artifact id: 'ba3d743e2ec8de3ba8463b647592fb03') in 0.010879 seconds
Number of updated asset objects reloaded before import = 0
Number of asset objects unloaded after import = 1
========================================================================
Received Import Request.
  Time since last request: 0.000015 seconds.
  path: Assets/Idyllic Fantasy Nature/Demo/Settings/UniversalRenderPipelineAsset_Renderer.asset
  artifactKey: Guid(2455ec09a00a0a447a94f50076cbb854) Importer(815301076,1909f56bfc062723c751e8b465ee728b)
Start importing Assets/Idyllic Fantasy Nature/Demo/Settings/UniversalRenderPipelineAsset_Renderer.asset using Guid(2455ec09a00a0a447a94f50076cbb854) Importer(815301076,1909f56bfc062723c751e8b465ee728b) [PhysX] Initialized MultithreadedTaskDispatcher with 32 workers.
 -> (artifact id: '041388517586151225773f66cdf42842') in 0.001935 seconds
Number of updated asset objects reloaded before import = 0
Number of asset objects unloaded after import = 1
========================================================================
Received Import Request.
  Time since last request: 0.000554 seconds.
  path: Assets/Idyllic Fantasy Nature/Demo/Settings/UniversalRenderPipelineAsset.asset
  artifactKey: Guid(251037609ae603442b7f3591879531e2) Importer(815301076,1909f56bfc062723c751e8b465ee728b)
Start importing Assets/Idyllic Fantasy Nature/Demo/Settings/UniversalRenderPipelineAsset.asset using Guid(251037609ae603442b7f3591879531e2) Importer(815301076,1909f56bfc062723c751e8b465ee728b) [PhysX] Initialized MultithreadedTaskDispatcher with 32 workers.
 -> (artifact id: '5dd7317981038b5789d6e1de8946e0f6') in 0.001393 seconds
Number of updated asset objects reloaded before import = 0
Number of asset objects unloaded after import = 2
========================================================================
Received Import Request.
  Time since last request: 0.000208 seconds.
  path: Assets/Idyllic Fantasy Nature/Demo/Settings/Water_Terrain.asset
  artifactKey: Guid(f21e8eebd6925da4da24f288bf56e9be) Importer(815301076,1909f56bfc062723c751e8b465ee728b)
Start importing Assets/Idyllic Fantasy Nature/Demo/Settings/Water_Terrain.asset using Guid(f21e8eebd6925da4da24f288bf56e9be) Importer(815301076,1909f56bfc062723c751e8b465ee728b) [PhysX] Initialized MultithreadedTaskDispatcher with 32 workers.
[PhysX] Initialized MultithreadedTaskDispatcher with 32 workers.
 -> (artifact id: '774de73662ddbb141b9ae718152347e9') in 0.021419 seconds
Number of updated asset objects reloaded before import = 0
Number of asset objects unloaded after import = 66
Editor requested this worker to shutdown with reason: Scaling down because of idle timeout
TcpMessagingSession - receive error: operation aborted. errorcode: 995, details: The I/O operation has been aborted because of either a thread exit or an application request.
AssetImportWorker is now disconnected from the server
Process exiting
Exiting without the bug reporter. Application will terminate with return code 0